Enter a random text. (Entropy): [36;22m[DEBUG] [39;1msnarkJS[0m: Calculating First Challenge Hash
[36;22m[DEBUG] [39;1msnarkJS[0m: Calculate Initial Hash: tauG1
[36;22m[DEBUG] [39;1msnarkJS[0m: Calculate Initial Hash: tauG2
[36;22m[DEBUG] [39;1msnarkJS[0m: Calculate Initial Hash: alphaTauG1
[36;22m[DEBUG] [39;1msnarkJS[0m: Calculate Initial Hash: betaTauG1
[36;22m[DEBUG] [39;1msnarkJS[0m: processing: tauG1: 0/8191
[36;22m[DEBUG] [39;1msnarkJS[0m: processing: tauG2: 0/4096
[36;22m[DEBUG] [39;1msnarkJS[0m: processing: alphaTauG1: 0/4096
[36;22m[DEBUG] [39;1msnarkJS[0m: processing: betaTauG1: 0/4096
[36;22m[DEBUG] [39;1msnarkJS[0m: processing: betaTauG2: 0/1
[32;22m[INFO]  [39;1msnarkJS[0m: Contribution Response Hash imported: 
		032fe0ef 950adcd7 76893b99 154a6177
		294d2ea0 c1034358 c74a361f 5d2f7894
		e92dc3b9 04921103 f9adb64b b8ff05c6
		0e2d0c00 103bebaa a593e978 290f7cba
[32;22m[INFO]  [39;1msnarkJS[0m: Next Challenge Hash: 
		e7d6c237 11a6cacc 38ea3461 c9c5c0c1
		16ebe6a7 38d6ce04 eb52c78e 2cfdc793
		ce6bf3ec 7ddaaebd 7a6da990 6e1523f9
		71e2a373 486bcf3d 5049cf5e 4c956ef0
